%%%%%%%%%%%%%%%%%%%%%%%%%%%%%%%%%%%%%%%%%%%%%%%%%%%%%%%%%%%%%%%%%%%%%%%%%%%%%%%%
                          S u m m a r y   R e p o r t
%%%%%%%%%%%%%%%%%%%%%%%%%%%%%%%%%%%%%%%%%%%%%%%%%%%%%%%%%%%%%%%%%%%%%%%%%%%%%%%%

Compilation
-----------
File     : /home3/y14/y14/di1c13/cgpack/head/tests/testaux.f90
Compiled : 02/18/16  16:38:42
Compiler : Version 8.3.7
Ftnlx    : Version 8318 (libcif 83016)
Target   : x86-64
Command  : ftn_driver.exe -hcpu=ivybridge -hstatic -D__CRAYXC
           -D__CRAY_IVYBRIDGE -D__CRAYXT_COMPUTE_LINUX_TARGET -hnetwork=aries
           -c -c -eacFn -dm -m1 -rl -I. -I/home/y14/y14/di1c13/lib
           -I/opt/cray/cce/8.3.7/craylibs/x86-64/include
           -I/opt/cray/mpt/7.1.1/gni/mpich2-cray/83/include
           -I/opt/cray/libsci/13.0.1/CRAY/83/sandybridge/include
           -I/opt/cray/rca/1.0.0-2.0502.57212.2.56.ari/include
           -I/opt/cray/alps/5.2.3-2.0502.9295.14.14.ari/include
           -I/opt/cray/xpmem/0.1-2.0502.57015.1.15.ari/include
           -I/opt/cray/gni-headers/4.0-1.0502.10317.9.2.ari/include
           -I/opt/cray/dmapp/7.0.1-1.0502.10246.8.47.ari/include
           -I/opt/cray/pmi/5.0.6-1.0000.10439.140.2.ari/include
           -I/opt/cray/ugni/6.0-1.0502.10245.9.9.ari/include
           -I/opt/cray/udreg/2.3.2-1.0502.9889.2.20.ari/include
           -I/opt/cray/cce/8.3.7/craylibs/x86-64/pkgconfig/../include
           -I/opt/cray/cce/8.3.7/craylibs/x86-64/include
           -I/opt/cray/wlm_detect/1.0-1.0502.57063.1.1.ari/include
           -I/opt/cray/krca/1.0.0-2.0502.57202.2.45.ari/include
           -I/opt/cray-hss-devel/7.2.0/include testaux.f90

ftnlx report
------------
Source   : /home3/y14/y14/di1c13/cgpack/head/tests/testaux.f90
Date     : 02/18/2016  16:38:42


%%%%%%%%%%%%%%%%%%%%%%%%%%%%%%%%%%%%%%%%%%%%%%%%%%%%%%%%%%%%%%%%%%%%%%%%%%%%%%%%
                          S o u r c e   L i s t i n g
%%%%%%%%%%%%%%%%%%%%%%%%%%%%%%%%%%%%%%%%%%%%%%%%%%%%%%%%%%%%%%%%%%%%%%%%%%%%%%%%

    1.    !$Id: testaux.f90 179 2015-12-15 17:59:50Z mexas $
    2.    
    3.    !*robodoc*m* tests/testaux
    4.    !  NAME
    5.    !    testaux
    6.    !  SYNOPSIS
    7.    
    8.    module testaux
    9.    
   10.    !  DESCRIPTION
   11.    !    A helper module to use with the tests.
   12.    !    This is not a part of CGCA.
   13.    !    Use of this module is not required.
   14.    !  AUTHOR
   15.    !    Anton Shterenlikht
   16.    !  COPYRIGHT
   17.    !    See CGPACK_Copyright
   18.    !  CONTAINS
   19.    !    getcodim, banner
   20.    !  USES
   21.    !    cgca
   22.    !  USED BY
   23.    !    Part of CGPACK test suite
   24.    !  SOURCE
   25.    
   26.    use cgca
              ^    
ftn-1193 ftn: CAUTION TESTAUX, File = testaux.f90, Line = 26, Column = 5 
  Module "CGCA_M4FR" is indirectly used in module "CGCA" and is from file "./cgca_m4fr.o".  That file no longer exists.

              ^    
ftn-1193 ftn: CAUTION TESTAUX, File = testaux.f90, Line = 26, Column = 5 
  Module "CGCA_M3SLD" is indirectly used in module "CGCA" and is from file "./cgca_m3sld.o".  That file no longer exists.

              ^    
ftn-1193 ftn: CAUTION TESTAUX, File = testaux.f90, Line = 26, Column = 5 
  Module "CGCA_M3PFEM" is indirectly used in module "CGCA" and is from file "./cgca_m3pfem.o".  That file no longer exists.

              ^    
ftn-1193 ftn: CAUTION TESTAUX, File = testaux.f90, Line = 26, Column = 5 
  Module "CGCA_M3NUCL" is indirectly used in module "CGCA" and is from file "./cgca_m3nucl.o".  That file no longer exists.

              ^    
ftn-1193 ftn: CAUTION TESTAUX, File = testaux.f90, Line = 26, Column = 5 
  Module "CGCA_M3GBF" is indirectly used in module "CGCA" and is from file "./cgca_m3gbf.o".  That file no longer exists.

              ^    
ftn-1193 ftn: CAUTION TESTAUX, File = testaux.f90, Line = 26, Column = 5 
  Module "CGCA_M3CLVG" is indirectly used in module "CGCA" and is from file "./cgca_m3clvg.o".  That file no longer exists.

              ^    
ftn-1193 ftn: CAUTION TESTAUX, File = testaux.f90, Line = 26, Column = 5 
  Module "CGCA_M2STAT" is indirectly used in module "CGCA" and is from file "./cgca_m2stat.o".  That file no longer exists.

              ^    
ftn-1193 ftn: CAUTION TESTAUX, File = testaux.f90, Line = 26, Column = 5 
  Module "CGCA_M2ROT" is indirectly used in module "CGCA" and is from file "./cgca_m2rot.o".  That file no longer exists.

              ^    
ftn-1193 ftn: CAUTION TESTAUX, File = testaux.f90, Line = 26, Column = 5 
  Module "CGCA_M2RND" is indirectly used in module "CGCA" and is from file "./cgca_m2rnd.o".  That file no longer exists.

              ^    
ftn-1193 ftn: CAUTION TESTAUX, File = testaux.f90, Line = 26, Column = 5 
  Module "CGCA_M2RED" is indirectly used in module "CGCA" and is from file "./cgca_m2red.o".  That file no longer exists.

              ^    
ftn-1193 ftn: CAUTION TESTAUX, File = testaux.f90, Line = 26, Column = 5 
  Module "CGCA_M2PHYS" is indirectly used in module "CGCA" and is from file "./cgca_m2phys.o".  That file no longer exists.

              ^    
ftn-1193 ftn: CAUTION TESTAUX, File = testaux.f90, Line = 26, Column = 5 
  Module "CGCA_M2PCK" is indirectly used in module "CGCA" and is from file "./cgca_m2pck.o".  That file no longer exists.

              ^    
ftn-1193 ftn: CAUTION TESTAUX, File = testaux.f90, Line = 26, Column = 5 
  Module "CGCA_M2OUT" is indirectly used in module "CGCA" and is from file "./cgca_m2out.o".  That file no longer exists.

              ^    
ftn-1193 ftn: CAUTION TESTAUX, File = testaux.f90, Line = 26, Column = 5 
  Module "CGCA_M2MPIIO" is indirectly used in module "CGCA" and is from file "./cgca_m2mpiio.o".  That file no longer exists.

              ^    
ftn-1193 ftn: CAUTION TESTAUX, File = testaux.f90, Line = 26, Column = 5 
  Module "CGCA_M2LNKLST" is indirectly used in module "CGCA" and is from file "./cgca_m2lnklst.o".  That file no longer exists.

              ^    
ftn-1193 ftn: CAUTION TESTAUX, File = testaux.f90, Line = 26, Column = 5 
  Module "CGCA_M2HX" is indirectly used in module "CGCA" and is from file "./cgca_m2hx.o".  That file no longer exists.

              ^    
ftn-1193 ftn: CAUTION TESTAUX, File = testaux.f90, Line = 26, Column = 5 
  Module "CGCA_M2GLM" is indirectly used in module "CGCA" and is from file "./cgca_m2glm.o".  That file no longer exists.

              ^    
ftn-1193 ftn: CAUTION TESTAUX, File = testaux.f90, Line = 26, Column = 5 
  Module "CGCA_M2GEOM" is indirectly used in module "CGCA" and is from file "./cgca_m2geom.o".  That file no longer exists.

              ^    
ftn-1193 ftn: CAUTION TESTAUX, File = testaux.f90, Line = 26, Column = 5 
  Module "CGCA_M2GB" is indirectly used in module "CGCA" and is from file "./cgca_m2gb.o".  That file no longer exists.

              ^    
ftn-1193 ftn: CAUTION TESTAUX, File = testaux.f90, Line = 26, Column = 5 
  Module "CGCA_M2ALLOC" is indirectly used in module "CGCA" and is from file "./cgca_m2alloc.o".  That file no longer exists.

              ^    
ftn-1193 ftn: CAUTION TESTAUX, File = testaux.f90, Line = 26, Column = 5 
  Module "CGCA_M1CO" is indirectly used in module "CGCA" and is from file "./cgca_m1co.o".  That file no longer exists.

   27.    implicit none
   28.    
   29.    contains
   30.    
   31.    !*roboend*
   32.    
   33.    
   34.    !*robodoc*s* testaux/getcodim
   35.    !  NAME
   36.    !    getcodim
   37.    !  SYNOPSIS
   38.    
   39.    subroutine getcodim(nimages,codim)
   40.    
   41.    !  INPUT
   42.    
   43.    integer( kind=idef ), intent( in ) :: nimages
   44.    
   45.    !  OUTPUTS
   46.    
   47.    integer( kind=idef ), intent( out ) :: codim(3)
   48.    
   49.    !  DESCRIPTION
   50.    !    Subroutine to get coarray codimensions from
   51.    !    command line. Call this routine from all tests.
   52.    !  USES
   53.    !    none
   54.    !  USED BY
   55.    !    all tests
   56.    !  SOURCE
   57.    
   58.    integer, parameter :: maxarglen=20
   59.    character( len=maxarglen ) :: value, fmt
   60.    integer :: arglen,errstat,i 
   61.    
   62.    errstat = 0
   63.    
   64.    do i = 1, 2
ftn-6262 ftn: VECTOR File = testaux.f90, Line = 64 
  A loop starting at line 64 was not vectorized because it contains a call to a subroutine or function on line 65.

   65.       call get_command_argument( i, value, arglen, errstat )
                  ^                                                 
ftn-3021 ftn: IPA GETCODIM, File = testaux.f90, Line = 65, Column = 9 
  "_GET_COMMAND_ARGUMENT" (called from "getcodim") was not inlined because the compiler was unable to locate the routine.

   66.    
   67.       if (errstat .gt. 0) then
   68.         write (*,'(a,i0,a)') "ERROR: argument ", i, " cannot be retrieved"
   69.         error stop
   70.       elseif (errstat .eq. -1) then
   71.         write (*,'(a,i0,a)') "ERROR: argument ", i, &
   72.           " length is longer than the string to store it"
   73.         error stop
   74.       elseif (errstat .lt. -1) then
   75.         write (*,'(a,i0)') &
   76.           "ERROR: get_command_argument(", i, " returned ",errstat
   77.         write (*,'(a)') "ERROR: unknown error, should never end up here"
   78.         error stop 
   79.       end if
   80.    
   81.       write(fmt,'(a,i0,a)') "(i", arglen, ")"
ftn-7405 ftn: CAUTION File = testaux.f90, Line = 81 
  Variable "arglen" may be used before it is defined.

   82.       read (value,fmt) codim(i)
   83.     
   84.       if ( codim(i) .le. 0 ) then
   85.         write (*, "(a,i0,a)") "ERROR: testaux/getcodim: codimension ", i, &
   86.           "is negative"
   87.         error stop
   88.       end if
   89.    
   90.    end do
   91.    
   92.    codim(3) = nimages / ( codim(1) * codim(2) )
   93.    
   94.    if ( codim(1) * codim(2) * codim(3) .ne. nimages ) then
   95.      write (*,*) "ERROR: testaux/getcodim: codimension 3 wrong"
   96.      error stop
   97.    end if
   98.    
   99.    end subroutine getcodim
  100.    
  101.    !*roboend*
  102.    
  103.    
  104.    !*robodoc*s* testaux/banner
  105.    !  NAME
  106.    !    banner
  107.    !  SYNOPSIS
  108.    
  109.    subroutine banner( test )
  110.    
  111.    !  INPUT
  112.    
  113.    character( len=3 ), intent( in ) :: test
  114.    
  115.    !  SIDE EFFECTS
  116.    !    A banner with the test name is printed on sdtout
  117.    !  USES
  118.    !    none
  119.    !  USED BY
  120.    !    all tests
  121.    !  SOURCE
  122.    
  123.    write (*,'(a)') "******************************************************"
  124.    write (*,'(a)') "******                                          ******"
  125.    write (*,'(a)') "******                 TEST "//test//"                 ******"
  126.    write (*,'(a)') "******                                          ******"
  127.    write (*,'(a)') "******************************************************"
  128.    
  129.    end subroutine banner
  130.    
  131.    !*roboend*
  132.    
  133.    end module testaux


%%%%%%%%%%%%%%%%%%%%%%%%%%%%%%%%%%%%%%%%%%%%%%%%%%%%%%%%%%%%%%%%%%%%%%%%%%%%%%%%
                         E x t e r n a l   R e p o r t
%%%%%%%%%%%%%%%%%%%%%%%%%%%%%%%%%%%%%%%%%%%%%%%%%%%%%%%%%%%%%%%%%%%%%%%%%%%%%%%%

Name  Messages
----  --------
ABORT
      Defined as:  No definitions.

                   No calls.  It is not called and does not use any procedure.

      Interface:   None

Name  Messages
----  --------
ABORT(Intrinsic)
      Defined as:  No definitions.

                   No calls.  It is not called and does not use any procedure.

      Interface:   None

Name  Messages
----  --------
BANNER in TESTAUX
      Defined as:  Subroutine (line 109, file testaux.f90)

                   No calls.  It is not called and does not use any procedure.

      Interface:   None

Name  Messages
----  --------
CGCA
      Defined as:  No definitions.

      Used By:     TESTAUX

Name  Messages
----  --------
CGCA_ADDHEAD in CGCA_M2LNKLST
      Defined as:  No definitions.

                   No calls.  It is not called and does not use any procedure.

      Interface:   None

Name  Messages
----  --------
CGCA_ADDMIDDLE in CGCA_M2LNKLST
      Defined as:  No definitions.

                   No calls.  It is not called and does not use any procedure.

      Interface:   None

Name  Messages
----  --------
CGCA_ART in CGCA_M2ALLOC
      Defined as:  No definitions.

                   No calls.  It is not called and does not use any procedure.

      Interface:   None

Name  Messages
----  --------
CGCA_AS in CGCA_M2ALLOC
      Defined as:  No definitions.

                   No calls.  It is not called and does not use any procedure.

      Interface:   None

Name  Messages
----  --------
CGCA_AV in CGCA_M2ALLOC
      Defined as:  No definitions.

                   No calls.  It is not called and does not use any procedure.

      Interface:   None

Name  Messages
----  --------
CGCA_BOXSPLIT in CGCA_M2GEOM
      Defined as:  No definitions.

                   No calls.  It is not called and does not use any procedure.

      Interface:   None

Name  Messages
----  --------
CGCA_CADIM in CGCA_M2PHYS
      Defined as:  No definitions.

                   No calls.  It is not called and does not use any procedure.

      Interface:   None

Name  Messages
----  --------
CGCA_CKRT in CGCA_M2ROT
      Defined as:  No definitions.

                   No calls.  It is not called and does not use any procedure.

      Interface:   None

Name  Messages
----  --------
CGCA_CLVGP in CGCA_M3CLVG
      Defined as:  No definitions.

                   No calls.  It is not called and does not use any procedure.

      Interface:   None

Name  Messages
----  --------
CGCA_CLVGP1 in CGCA_M3CLVG
      Defined as:  No definitions.

                   No calls.  It is not called and does not use any procedure.

      Interface:   None

Name  Messages
----  --------
CGCA_CLVGP_NOCOSUM in CGCA_M3CLVG
      Defined as:  No definitions.

                   No calls.  It is not called and does not use any procedure.

      Interface:   None

Name  Messages
----  --------
CGCA_CLVGSD in CGCA_M3CLVG
      Defined as:  No definitions.

                   No calls.  It is not called and does not use any procedure.

      Interface:   None

Name  Messages
----  --------
CGCA_CLVGSP in CGCA_M3CLVG
      Defined as:  No definitions.

                   No calls.  It is not called and does not use any procedure.

      Interface:   None

Name  Messages
----  --------
CGCA_CSYM in CGCA_M2ROT
      Defined as:  No definitions.

                   No calls.  It is not called and does not use any procedure.

      Interface:   None

Name  Messages
----  --------
CGCA_DACF in CGCA_M3CLVG
      Defined as:  No definitions.

                   No calls.  It is not called and does not use any procedure.

      Interface:   None

Name  Messages
----  --------
CGCA_DACF1 in CGCA_M3CLVG
      Defined as:  No definitions.

                   No calls.  It is not called and does not use any procedure.

      Interface:   None

Name  Messages
----  --------
CGCA_DGC in CGCA_M2GB
      Defined as:  No definitions.

                   No calls.  It is not called and does not use any procedure.

      Interface:   None

Name  Messages
----  --------
CGCA_DRT in CGCA_M2ALLOC
      Defined as:  No definitions.

                   No calls.  It is not called and does not use any procedure.

      Interface:   None

Name  Messages
----  --------
CGCA_DS in CGCA_M2ALLOC
      Defined as:  No definitions.

                   No calls.  It is not called and does not use any procedure.

      Interface:   None

Name  Messages
----  --------
CGCA_DV in CGCA_M2ALLOC
      Defined as:  No definitions.

                   No calls.  It is not called and does not use any procedure.

      Interface:   None

Name  Messages
----  --------
CGCA_FR in CGCA_M4FR
      Defined as:  No definitions.

                   No calls.  It is not called and does not use any procedure.

      Interface:   None

Name  Messages
----  --------
CGCA_FV in CGCA_M2STAT
      Defined as:  No definitions.

                   No calls.  It is not called and does not use any procedure.

      Interface:   None

Name  Messages
----  --------
CGCA_GBF1F in CGCA_M3GBF
      Defined as:  No definitions.

                   No calls.  It is not called and does not use any procedure.

      Interface:   None

Name  Messages
----  --------
CGCA_GBF1P in CGCA_M3GBF
      Defined as:  No definitions.

                   No calls.  It is not called and does not use any procedure.

      Interface:   None

Name  Messages
----  --------
CGCA_GBS in CGCA_M2GB
      Defined as:  No definitions.

                   No calls.  It is not called and does not use any procedure.

      Interface:   None

Name  Messages
----  --------
CGCA_GCF in CGCA_M2GB
      Defined as:  No definitions.

                   No calls.  It is not called and does not use any procedure.

      Interface:   None

Name  Messages
----  --------
CGCA_GCP in CGCA_M2GB
      Defined as:  No definitions.

                   No calls.  It is not called and does not use any procedure.

      Interface:   None

Name  Messages
----  --------
CGCA_GCR in CGCA_M2GB
      Defined as:  No definitions.

                   No calls.  It is not called and does not use any procedure.

      Interface:   None

Name  Messages
----  --------
CGCA_GCU in CGCA_M2GB
      Defined as:  No definitions.

                   No calls.  It is not called and does not use any procedure.

      Interface:   None

Name  Messages
----  --------
CGCA_GDIM in CGCA_M2PHYS
      Defined as:  No definitions.

                   No calls.  It is not called and does not use any procedure.

      Interface:   None

Name  Messages
----  --------
CGCA_GL in CGCA_M2GLM
      Defined as:  No definitions.

                   No calls.  It is not called and does not use any procedure.

      Interface:   None

Name  Messages
----  --------
CGCA_GV in CGCA_M2STAT
      Defined as:  No definitions.

                   No calls.  It is not called and does not use any procedure.

      Interface:   None

Name  Messages
----  --------
CGCA_GVL in CGCA_M2STAT
      Defined as:  No definitions.

                   No calls.  It is not called and does not use any procedure.

      Interface:   None

Name  Messages
----  --------
CGCA_HXG in CGCA_M2HX
      Defined as:  No definitions.

                   No calls.  It is not called and does not use any procedure.

      Interface:   None

Name  Messages
----  --------
CGCA_HXI in CGCA_M2HX
      Defined as:  No definitions.

                   No calls.  It is not called and does not use any procedure.

      Interface:   None

Name  Messages
----  --------
CGCA_IGB in CGCA_M2GB
      Defined as:  No definitions.

                   No calls.  It is not called and does not use any procedure.

      Interface:   None

Name  Messages
----  --------
CGCA_IMCO in CGCA_M2PHYS
      Defined as:  No definitions.

                   No calls.  It is not called and does not use any procedure.

      Interface:   None

Name  Messages
----  --------
CGCA_INITHEAD in CGCA_M2LNKLST
      Defined as:  No definitions.

                   No calls.  It is not called and does not use any procedure.

      Interface:   None

Name  Messages
----  --------
CGCA_IRS in CGCA_M2RND
      Defined as:  No definitions.

                   No calls.  It is not called and does not use any procedure.

      Interface:   None

Name  Messages
----  --------
CGCA_LG in CGCA_M2GLM
      Defined as:  No definitions.

                   No calls.  It is not called and does not use any procedure.

      Interface:   None

Name  Messages
----  --------
CGCA_LSTDMP in CGCA_M2LNKLST
      Defined as:  No definitions.

                   No calls.  It is not called and does not use any procedure.

      Interface:   None

Name  Messages
----  --------
CGCA_M1CO
      Defined as:  No definitions.

      Used By:     TESTAUX  (indirectly)

Name  Messages
----  --------
CGCA_M2ALLOC
      Defined as:  No definitions.

      Used By:     TESTAUX  (indirectly)

Name  Messages
----  --------
CGCA_M2GB
      Defined as:  No definitions.

      Used By:     TESTAUX  (indirectly)

Name  Messages
----  --------
CGCA_M2GEOM
      Defined as:  No definitions.

      Used By:     TESTAUX  (indirectly)

Name  Messages
----  --------
CGCA_M2GLM
      Defined as:  No definitions.

      Used By:     TESTAUX  (indirectly)

Name  Messages
----  --------
CGCA_M2HX
      Defined as:  No definitions.

      Used By:     TESTAUX  (indirectly)

Name  Messages
----  --------
CGCA_M2LNKLST
      Defined as:  No definitions.

      Used By:     TESTAUX  (indirectly)

Name  Messages
----  --------
CGCA_M2MPIIO
      Defined as:  No definitions.

      Used By:     TESTAUX  (indirectly)

Name  Messages
----  --------
CGCA_M2OUT
      Defined as:  No definitions.

      Used By:     TESTAUX  (indirectly)

Name  Messages
----  --------
CGCA_M2PCK
      Defined as:  No definitions.

      Used By:     TESTAUX  (indirectly)

Name  Messages
----  --------
CGCA_M2PHYS
      Defined as:  No definitions.

      Used By:     TESTAUX  (indirectly)

Name  Messages
----  --------
CGCA_M2RED
      Defined as:  No definitions.

      Used By:     TESTAUX  (indirectly)

Name  Messages
----  --------
CGCA_M2RND
      Defined as:  No definitions.

      Used By:     TESTAUX  (indirectly)

Name  Messages
----  --------
CGCA_M2ROT
      Defined as:  No definitions.

      Used By:     TESTAUX  (indirectly)

Name  Messages
----  --------
CGCA_M2STAT
      Defined as:  No definitions.

      Used By:     TESTAUX  (indirectly)

Name  Messages
----  --------
CGCA_M3CLVG
      Defined as:  No definitions.

      Used By:     TESTAUX  (indirectly)

Name  Messages
----  --------
CGCA_M3GBF
      Defined as:  No definitions.

      Used By:     TESTAUX  (indirectly)

Name  Messages
----  --------
CGCA_M3NUCL
      Defined as:  No definitions.

      Used By:     TESTAUX  (indirectly)

Name  Messages
----  --------
CGCA_M3PFEM
      Defined as:  No definitions.

      Used By:     TESTAUX  (indirectly)

Name  Messages
----  --------
CGCA_M3SLD
      Defined as:  No definitions.

      Used By:     TESTAUX  (indirectly)

Name  Messages
----  --------
CGCA_M4FR
      Defined as:  No definitions.

      Used By:     TESTAUX  (indirectly)

Name  Messages
----  --------
CGCA_MIS in CGCA_M2ROT
      Defined as:  No definitions.

                   No calls.  It is not called and does not use any procedure.

      Interface:   None

Name  Messages
----  --------
CGCA_MISCSYM in CGCA_M2ROT
      Defined as:  No definitions.

                   No calls.  It is not called and does not use any procedure.

      Interface:   None

Name  Messages
----  --------
CGCA_NR in CGCA_M3NUCL
      Defined as:  No definitions.

                   No calls.  It is not called and does not use any procedure.

      Interface:   None

Name  Messages
----  --------
CGCA_PC in CGCA_M2OUT
      Defined as:  No definitions.

                   No calls.  It is not called and does not use any procedure.

      Interface:   None

Name  Messages
----  --------
CGCA_PDMP in CGCA_M2PCK
      Defined as:  No definitions.

                   No calls.  It is not called and does not use any procedure.

      Interface:   None

Name  Messages
----  --------
CGCA_PFEM_BOXIN in CGCA_M3PFEM
      Defined as:  No definitions.

                   No calls.  It is not called and does not use any procedure.

      Interface:   None

Name  Messages
----  --------
CGCA_PFEM_CELLIN in CGCA_M3PFEM
      Defined as:  No definitions.

                   No calls.  It is not called and does not use any procedure.

      Interface:   None

Name  Messages
----  --------
CGCA_PFEM_CENC in CGCA_M3PFEM
      Defined as:  No definitions.

                   No calls.  It is not called and does not use any procedure.

      Interface:   None

Name  Messages
----  --------
CGCA_PFEM_CENDMP in CGCA_M3PFEM
      Defined as:  No definitions.

                   No calls.  It is not called and does not use any procedure.

      Interface:   None

Name  Messages
----  --------
CGCA_PFEM_CTALLOC in CGCA_M3PFEM
      Defined as:  No definitions.

                   No calls.  It is not called and does not use any procedure.

      Interface:   None

Name  Messages
----  --------
CGCA_PFEM_CTDALLOC in CGCA_M3PFEM
      Defined as:  No definitions.

                   No calls.  It is not called and does not use any procedure.

      Interface:   None

Name  Messages
----  --------
CGCA_PFEM_EALLOC in CGCA_M3PFEM
      Defined as:  No definitions.

                   No calls.  It is not called and does not use any procedure.

      Interface:   None

Name  Messages
----  --------
CGCA_PFEM_EDALLOC in CGCA_M3PFEM
      Defined as:  No definitions.

                   No calls.  It is not called and does not use any procedure.

      Interface:   None

Name  Messages
----  --------
CGCA_PFEM_INTCALC1 in CGCA_M3PFEM
      Defined as:  No definitions.

                   No calls.  It is not called and does not use any procedure.

      Interface:   None

Name  Messages
----  --------
CGCA_PFEM_INTEGALLOC in CGCA_M3PFEM
      Defined as:  No definitions.

                   No calls.  It is not called and does not use any procedure.

      Interface:   None

Name  Messages
----  --------
CGCA_PFEM_INTEGDALLOC in CGCA_M3PFEM
      Defined as:  No definitions.

                   No calls.  It is not called and does not use any procedure.

      Interface:   None

Name  Messages
----  --------
CGCA_PFEM_PARTIN in CGCA_M3PFEM
      Defined as:  No definitions.

                   No calls.  It is not called and does not use any procedure.

      Interface:   None

Name  Messages
----  --------
CGCA_PFEM_SALLOC in CGCA_M3PFEM
      Defined as:  No definitions.

                   No calls.  It is not called and does not use any procedure.

      Interface:   None

Name  Messages
----  --------
CGCA_PFEM_SDALLOC in CGCA_M3PFEM
      Defined as:  No definitions.

                   No calls.  It is not called and does not use any procedure.

      Interface:   None

Name  Messages
----  --------
CGCA_PFEM_SDMP in CGCA_M3PFEM
      Defined as:  No definitions.

                   No calls.  It is not called and does not use any procedure.

      Interface:   None

Name  Messages
----  --------
CGCA_PFEM_SIMG in CGCA_M3PFEM
      Defined as:  No definitions.

                   No calls.  It is not called and does not use any procedure.

      Interface:   None

Name  Messages
----  --------
CGCA_PFEM_UYM in CGCA_M3PFEM
      Defined as:  No definitions.

                   No calls.  It is not called and does not use any procedure.

      Interface:   None

Name  Messages
----  --------
CGCA_PFEM_WHOLEIN in CGCA_M3PFEM
      Defined as:  No definitions.

                   No calls.  It is not called and does not use any procedure.

      Interface:   None

Name  Messages
----  --------
CGCA_PSWCI in CGCA_M2MPIIO
      Defined as:  No definitions.

                   No calls.  It is not called and does not use any procedure.

      Interface:   None

Name  Messages
----  --------
CGCA_REDAND in CGCA_M2RED
      Defined as:  No definitions.

                   No calls.  It is not called and does not use any procedure.

      Interface:   None

Name  Messages
----  --------
CGCA_RMHEAD in CGCA_M2LNKLST
      Defined as:  No definitions.

                   No calls.  It is not called and does not use any procedure.

      Interface:   None

Name  Messages
----  --------
CGCA_RMMIDDLE in CGCA_M2LNKLST
      Defined as:  No definitions.

                   No calls.  It is not called and does not use any procedure.

      Interface:   None

Name  Messages
----  --------
CGCA_RT in CGCA_M2ROT
      Defined as:  No definitions.

                   No calls.  It is not called and does not use any procedure.

      Interface:   None

Name  Messages
----  --------
CGCA_SLD in CGCA_M3SLD
      Defined as:  No definitions.

                   No calls.  It is not called and does not use any procedure.

      Interface:   None

Name  Messages
----  --------
CGCA_SLD1 in CGCA_M3SLD
      Defined as:  No definitions.

                   No calls.  It is not called and does not use any procedure.

      Interface:   None

Name  Messages
----  --------
CGCA_SLD2 in CGCA_M3SLD
      Defined as:  No definitions.

                   No calls.  It is not called and does not use any procedure.

      Interface:   None

Name  Messages
----  --------
CGCA_SLD3 in CGCA_M3SLD
      Defined as:  No definitions.

                   No calls.  It is not called and does not use any procedure.

      Interface:   None

Name  Messages
----  --------
CGCA_SWCI in CGCA_M2OUT
      Defined as:  No definitions.

                   No calls.  It is not called and does not use any procedure.

      Interface:   None

Name  Messages
----  --------
CGCA_TCHK in CGCA_M3CLVG
      Defined as:  No definitions.

                   No calls.  It is not called and does not use any procedure.

      Interface:   None

Name  Messages
----  --------
EXIT(Intrinsic)
      Defined as:  No definitions.

                   No calls.  It is not called and does not use any procedure.

      Interface:   None

Name  Messages
----  --------
FLUSH
      Defined as:  No definitions.

                   No calls.  It is not called and does not use any procedure.

      Interface:   None

Name  Messages
----  --------
FLUSH(Intrinsic)
      Defined as:  No definitions.

                   No calls.  It is not called and does not use any procedure.

      Interface:   None

Name  Messages
----  --------
FLUSH_8
      Defined as:  No definitions.

                   No calls.  It is not called and does not use any procedure.

      Interface:   None

Name  Messages
----  --------
FTN_LIB_DEFINITIONS
      Defined as:  No definitions.

                   No calls.  It is not called and does not use any procedure.

Name  Messages
----  --------
GETCODIM in TESTAUX
      Defined as:  Subroutine (line 39, file testaux.f90)

      Interface:   None

      Calls:       GET_COMMAND_ARGUMENT(Intrinsic) (Line 65, file testaux.f90)

Name  Messages
----  --------
GET_COMMAND_ARGUMENT(Intrinsic)
      Defined as:  No definitions.

      Interface:   None

      Called By:   GETCODIM in TESTAUX (Line 65, file testaux.f90)

Name  Messages
----  --------
HUGE(Intrinsic)
      Defined as:  No definitions.

                   No calls.  It is not called and does not use any procedure.

      Interface:   None

Name  Messages
----  --------
ICEIL
      Defined as:  No definitions.

                   No calls.  It is not called and does not use any procedure.

      Interface:   None

Name  Messages
----  --------
ICEIL_J
      Defined as:  No definitions.

                   No calls.  It is not called and does not use any procedure.

      Interface:   None

Name  Messages
----  --------
ISO_FORTRAN_ENV
      Defined as:  No definitions.

      Used By:     TESTAUX  (indirectly)

Name  Messages
----  --------
KIND(Intrinsic)
      Defined as:  No definitions.

                   No calls.  It is not called and does not use any procedure.

      Interface:   None

Name  Messages
----  --------
SELECTED_INT_KIND(Intrinsic)
      Defined as:  No definitions.

                   No calls.  It is not called and does not use any procedure.

      Interface:   None

Name  Messages
----  --------
SELECTED_REAL_KIND(Intrinsic)
      Defined as:  No definitions.

                   No calls.  It is not called and does not use any procedure.

      Interface:   None

Name  Messages
----  --------
SIZE(Intrinsic)
      Defined as:  No definitions.

                   No calls.  It is not called and does not use any procedure.

      Interface:   None

Name  Messages
----  --------
TESTAUX
      Defined as:  Module (line 8, file testaux.f90)

        Uses:      CGCA
                   ISO_FORTRAN_ENV  (indirectly)
                   CGCA_M4FR  (indirectly)
                   CGCA_M3SLD  (indirectly)
                   CGCA_M3PFEM  (indirectly)
                   CGCA_M3NUCL  (indirectly)
                   CGCA_M3GBF  (indirectly)
                   CGCA_M3CLVG  (indirectly)
                   CGCA_M2STAT  (indirectly)
                   CGCA_M2ROT  (indirectly)
                   CGCA_M2RND  (indirectly)
                   CGCA_M2RED  (indirectly)
                   CGCA_M2PHYS  (indirectly)
                   CGCA_M2PCK  (indirectly)
                   CGCA_M2OUT  (indirectly)
                   CGCA_M2MPIIO  (indirectly)
                   CGCA_M2LNKLST  (indirectly)
                   CGCA_M2HX  (indirectly)
                   CGCA_M2GLM  (indirectly)
                   CGCA_M2GEOM  (indirectly)
                   CGCA_M2GB  (indirectly)
                   CGCA_M2ALLOC  (indirectly)
                   CGCA_M1CO  (indirectly)


%%%%%%%%%%%%%%%%%%%%%%%%%%%%%%%%%%%%%%%%%%%%%%%%%%%%%%%%%%%%%%%%%%%%%%%%%%%%%%%%
%%%%%%%%%%%%%%%%%%%%%%%%%%%%%%%%%%%%%%%%%%%%%%%%%%%%%%%%%%%%%%%%%%%%%%%%%%%%%%%%
