%%%%%%%%%%%%%%%%%%%%%%%%%%%%%%%%%%%%%%%%%%%%%%%%%%%%%%%%%%%%%%%%%%%%%%%%%%%%%%%%
                          S u m m a r y   R e p o r t
%%%%%%%%%%%%%%%%%%%%%%%%%%%%%%%%%%%%%%%%%%%%%%%%%%%%%%%%%%%%%%%%%%%%%%%%%%%%%%%%

Compilation
-----------
File     : /home3/y14/y14/di1c13/cgpack/head/cgca_m2rnd.f90
Compiled : 02/18/16  16:36:35
Compiler : Version 8.3.7
Ftnlx    : Version 8318 (libcif 83016)
Target   : x86-64
Command  : ftn_driver.exe -hcpu=ivybridge -hstatic -D__CRAYXC
           -D__CRAY_IVYBRIDGE -D__CRAYXT_COMPUTE_LINUX_TARGET -hnetwork=aries
           -c -eacFn -dm -m2 -rl -I/opt/cray/cce/8.3.7/craylibs/x86-64/include
           -I/opt/cray/mpt/7.1.1/gni/mpich2-cray/83/include
           -I/opt/cray/libsci/13.0.1/CRAY/83/sandybridge/include
           -I/opt/cray/rca/1.0.0-2.0502.57212.2.56.ari/include
           -I/opt/cray/alps/5.2.3-2.0502.9295.14.14.ari/include
           -I/opt/cray/xpmem/0.1-2.0502.57015.1.15.ari/include
           -I/opt/cray/gni-headers/4.0-1.0502.10317.9.2.ari/include
           -I/opt/cray/dmapp/7.0.1-1.0502.10246.8.47.ari/include
           -I/opt/cray/pmi/5.0.6-1.0000.10439.140.2.ari/include
           -I/opt/cray/ugni/6.0-1.0502.10245.9.9.ari/include
           -I/opt/cray/udreg/2.3.2-1.0502.9889.2.20.ari/include
           -I/opt/cray/cce/8.3.7/craylibs/x86-64/pkgconfig/../include
           -I/opt/cray/cce/8.3.7/craylibs/x86-64/include
           -I/opt/cray/wlm_detect/1.0-1.0502.57063.1.1.ari/include
           -I/opt/cray/krca/1.0.0-2.0502.57202.2.45.ari/include
           -I/opt/cray-hss-devel/7.2.0/include cgca_m2rnd.f90

ftnlx report
------------
Source   : /home3/y14/y14/di1c13/cgpack/head/cgca_m2rnd.f90
Date     : 02/18/2016  16:36:36


%%%%%%%%%%%%%%%%%%%%%%%%%%%%%%%%%%%%%%%%%%%%%%%%%%%%%%%%%%%%%%%%%%%%%%%%%%%%%%%%
                          S o u r c e   L i s t i n g
%%%%%%%%%%%%%%%%%%%%%%%%%%%%%%%%%%%%%%%%%%%%%%%%%%%%%%%%%%%%%%%%%%%%%%%%%%%%%%%%

    1.    !$Id: cgca_m2rnd.f90 14 2014-12-01 10:14:16Z mexas $
    2.    
    3.    !*robodoc*m* CGPACK/cgca_m2rnd
    4.    !  NAME
    5.    !    cgca_m2rnd
    6.    !  SYNOPSIS
    7.    
    8.    module cgca_m2rnd
    9.    
   10.    !  DESCRIPTION
   11.    !    Module dealing with random number generation
   12.    !  AUTHOR
   13.    !    Anton Shterenlikht
   14.    !  COPYRIGHT
   15.    !    See CGPACK_Copyright
   16.    !  CONTAINS
   17.    !    cgca_irs
   18.    !  USES
   19.    !    cgca_m1co
   20.    !  USED BY
   21.    !    cgca
   22.    !  SOURCE
   23.    
   24.    use cgca_m1co
   25.    implicit none
   26.    
   27.    private
   28.    public :: cgca_irs
   29.    
   30.    contains
   31.    
   32.    !*roboend*
   33.    
   34.    !*robodoc*s* cgca_m2rnd/cgca_irs
   35.    !  NAME
   36.    !    cgca_irs
   37.    !  SYNOPSIS
   38.    
   39.    subroutine cgca_irs(debug)
   40.    
   41.    !  INPUT
   42.    
   43.    logical(kind=ldef),intent(in) :: debug
   44.    
   45.    !  SIDE EFFECTS
   46.    !    initialise random seed on all images   
   47.    !  DESCRIPTION
   48.    !    Initialise random seed based on system_clock intrinsic,
   49.    !    adapted from:
   50.    !    http://gcc.gnu.org/onlinedocs/gfortran/RANDOM_005fSEED.html.
   51.    !    Note that the seed is based on THIS_IMAGE intrinsic, hence
   52.    !    each image uses a different seed.
   53.    !  USES
   54.    !    none
   55.    !  USED BY
   56.    !    none, end user
   57.    !  SOURCE
   58.    
   59.    integer :: i,n,clock,errstat=0
   60.    integer,allocatable :: seed(:)
   61.             
   62.    call random_seed(size = n)
   63.    
   64.    allocate( seed(n), stat=errstat )
ftn-7418 ftn: CAUTION File = cgca_m2rnd.f90, Line = 64 
  Fortran allocatable variable "seed" may be used before being allocated.

   65.    if ( errstat .ne. 0) stop "ERROR: cgca_irs: cannot allocate seed"
   66.    
   67.    call system_clock(count=clock)
   68.              
   69.    seed = int(real(clock)/real(this_image())) +  &
ftn-6271 ftn: VECTOR File = cgca_m2rnd.f90, Line = 69 
  A loop starting at line 69 was not vectorized because its trip count is too small.

ftn-6008 ftn: SCALAR File = cgca_m2rnd.f90, Line = 69 
  A loop starting at line 69 was unwound.

   70.      999999937*(/ (i - 1, i = 1, n) /)
   71.    
   72.    if (debug) write (*,*) "image:",this_image(), "; size:",n,"; seed",seed
   73.    
   74.    call random_seed(put = seed)
   75.              
   76.    deallocate( seed, stat=errstat )
   77.    if ( errstat .ne. 0 ) stop "ERROR: cgca_irs: cannot deallocate seed"
   78.    
   79.    end subroutine cgca_irs
   80.    
   81.    !*roboend*
   82.    
   83.    end module cgca_m2rnd


%%%%%%%%%%%%%%%%%%%%%%%%%%%%%%%%%%%%%%%%%%%%%%%%%%%%%%%%%%%%%%%%%%%%%%%%%%%%%%%%
                         E x t e r n a l   R e p o r t
%%%%%%%%%%%%%%%%%%%%%%%%%%%%%%%%%%%%%%%%%%%%%%%%%%%%%%%%%%%%%%%%%%%%%%%%%%%%%%%%

Name  Messages
----  --------
ABORT
      Defined as:  No definitions.

                   No calls.  It is not called and does not use any procedure.

      Interface:   None

Name  Messages
----  --------
ABORT(Intrinsic)
      Defined as:  No definitions.

                   No calls.  It is not called and does not use any procedure.

      Interface:   None

Name  Messages
----  --------
CGCA_IRS in CGCA_M2RND
      Defined as:  Subroutine (line 28, file cgca_m2rnd.f90)

      Interface:   None

      Calls:       RANDOM_SEED(Intrinsic) (Line 62, file cgca_m2rnd.f90)
                   RANDOM_SEED(Intrinsic) (Line 74, file cgca_m2rnd.f90)
                   SYSTEM_CLOCK(Intrinsic) (Line 67, file cgca_m2rnd.f90)
                   REAL(Intrinsic) (Line 69, file cgca_m2rnd.f90)
                   REAL(Intrinsic) (Line 69, file cgca_m2rnd.f90)
                   THIS_IMAGE(Intrinsic) (Line 69, file cgca_m2rnd.f90)
                   THIS_IMAGE(Intrinsic) (Line 72, file cgca_m2rnd.f90)
                   INT(Intrinsic) (Line 69, file cgca_m2rnd.f90)

Name  Messages
----  --------
CGCA_M1CO
      Defined as:  No definitions.

      Used By:     CGCA_M2RND

Name  Messages
----  --------
CGCA_M2RND
      Defined as:  Module (line 8, file cgca_m2rnd.f90)

        Uses:      CGCA_M1CO
                   ISO_FORTRAN_ENV  (indirectly)

Name  Messages
----  --------
EXIT(Intrinsic)
      Defined as:  No definitions.

                   No calls.  It is not called and does not use any procedure.

      Interface:   None

Name  Messages
----  --------
FLUSH
      Defined as:  No definitions.

                   No calls.  It is not called and does not use any procedure.

      Interface:   None

Name  Messages
----  --------
FLUSH(Intrinsic)
      Defined as:  No definitions.

                   No calls.  It is not called and does not use any procedure.

      Interface:   None

Name  Messages
----  --------
FLUSH_8
      Defined as:  No definitions.

                   No calls.  It is not called and does not use any procedure.

      Interface:   None

Name  Messages
----  --------
FTN_LIB_DEFINITIONS
      Defined as:  No definitions.

                   No calls.  It is not called and does not use any procedure.

Name  Messages
----  --------
HUGE(Intrinsic)
      Defined as:  No definitions.

                   No calls.  It is not called and does not use any procedure.

      Interface:   None

Name  Messages
----  --------
ICEIL
      Defined as:  No definitions.

                   No calls.  It is not called and does not use any procedure.

      Interface:   None

Name  Messages
----  --------
ICEIL_J
      Defined as:  No definitions.

                   No calls.  It is not called and does not use any procedure.

      Interface:   None

Name  Messages
----  --------
INT(Intrinsic)
      Defined as:  No definitions.

      Interface:   None

      Called By:   CGCA_IRS in CGCA_M2RND (Line 69, file cgca_m2rnd.f90)

Name  Messages
----  --------
ISO_FORTRAN_ENV
      Defined as:  No definitions.

      Used By:     CGCA_M2RND  (indirectly)

Name  Messages
----  --------
KIND(Intrinsic)
      Defined as:  No definitions.

                   No calls.  It is not called and does not use any procedure.

      Interface:   None

Name  Messages
----  --------
RANDOM_SEED(Intrinsic)
      Defined as:  No definitions.

      Interface:   None

      Called By:   CGCA_IRS in CGCA_M2RND (Line 62, file cgca_m2rnd.f90)
                   CGCA_IRS in CGCA_M2RND (Line 74, file cgca_m2rnd.f90)

Name  Messages
----  --------
REAL(Intrinsic)
      Defined as:  No definitions.

      Interface:   None

      Called By:   CGCA_IRS in CGCA_M2RND (Line 69, file cgca_m2rnd.f90)
                   CGCA_IRS in CGCA_M2RND (Line 69, file cgca_m2rnd.f90)

Name  Messages
----  --------
SELECTED_INT_KIND(Intrinsic)
      Defined as:  No definitions.

                   No calls.  It is not called and does not use any procedure.

      Interface:   None

Name  Messages
----  --------
SELECTED_REAL_KIND(Intrinsic)
      Defined as:  No definitions.

                   No calls.  It is not called and does not use any procedure.

      Interface:   None

Name  Messages
----  --------
SIZE(Intrinsic)
      Defined as:  No definitions.

                   No calls.  It is not called and does not use any procedure.

      Interface:   None

Name  Messages
----  --------
SYSTEM_CLOCK(Intrinsic)
      Defined as:  No definitions.

      Interface:   None

      Called By:   CGCA_IRS in CGCA_M2RND (Line 67, file cgca_m2rnd.f90)

Name  Messages
----  --------
THIS_IMAGE(Intrinsic)
      Defined as:  No definitions.

      Interface:   None

      Called By:   CGCA_IRS in CGCA_M2RND (Line 69, file cgca_m2rnd.f90)
                   CGCA_IRS in CGCA_M2RND (Line 72, file cgca_m2rnd.f90)


%%%%%%%%%%%%%%%%%%%%%%%%%%%%%%%%%%%%%%%%%%%%%%%%%%%%%%%%%%%%%%%%%%%%%%%%%%%%%%%%
%%%%%%%%%%%%%%%%%%%%%%%%%%%%%%%%%%%%%%%%%%%%%%%%%%%%%%%%%%%%%%%%%%%%%%%%%%%%%%%%
